// Vitest Snapshot v1

exports[`atoms::ConnectionProgress > renders without exploding 1`] = `
<DocumentFragment>
  <div
    class="mantine-Stack-root mantine-njf2rt"
  >
    <div
      class="mantine-Text-root mantine-pt30zh"
    >
      Connecting to Monero Network
    </div>
    <div
      class="mantine-1p25k2r"
    >
      <div
        class="mantine-5qf5qx"
      />
    </div>
  </div>
</DocumentFragment>
`;
